Component: ARM Compiler 5.06 update 6 (build 750) Tool: armlink [4d35ed]

==============================================================================

Section Cross References

    startup.o(STACK) refers (Special) to heapauxi.o(.text) for __use_two_region_memory
    startup.o(HEAP) refers (Special) to heapauxi.o(.text) for __use_two_region_memory
    startup.o(RESET) refers (Special) to heapauxi.o(.text) for __use_two_region_memory
    startup.o(RESET) refers to startup.o(STACK) for Stack_Top
    startup.o(RESET) refers to __main.o(!!!main) for __main
    startup.o(.text) refers (Special) to heapauxi.o(.text) for __use_two_region_memory
    startup.o(.text) refers to startup.o(HEAP) for Heap_Mem
    startup.o(.text) refers to startup.o(STACK) for Stack_Mem
    main.o(i.Big_Point) refers to lcddrv.o(i.GUI_Point) for GUI_Point
    main.o(i.Big_Point) refers to main.o(.data) for dir
    main.o(i.GUI_SetColor) refers to main.o(.data) for disp_color
    main.o(i.creat_food) refers to main.o(i.Big_Point) for Big_Point
    main.o(i.creat_food) refers to rand.o(.emb_text) for rand
    main.o(i.creat_food) refers to aeabi_sdiv.o(.text) for __aeabi_idivmod
    main.o(i.creat_food) refers to main.o(.data) for food_y
    main.o(i.creat_food) refers to main.o(.bss) for snake
    main.o(i.main) refers to lcddrv.o(i.GUI_Initialize) for GUI_Initialize
    main.o(i.main) refers to main.o(i.GUI_SetColor) for GUI_SetColor
    main.o(i.main) refers to main.o(i.snake_init) for snake_init
    main.o(i.main) refers to main.o(i.creat_food) for creat_food
    main.o(i.main) refers to main.o(i.GetDir) for GetDir
    main.o(i.main) refers to main.o(i.snake_move) for snake_move
    main.o(i.main) refers to main.o(i.delayMs) for delayMs
    main.o(i.main) refers to main.o(.data) for keyvalue
    main.o(i.snake_init) refers to main.o(i.Big_Point) for Big_Point
    main.o(i.snake_init) refers to main.o(.data) for snake_length
    main.o(i.snake_init) refers to main.o(.bss) for snake
    main.o(i.snake_move) refers to main.o(i.creat_food) for creat_food
    main.o(i.snake_move) refers to main.o(i.Big_Point) for Big_Point
    main.o(i.snake_move) refers to main.o(.data) for snake_length
    main.o(i.snake_move) refers to main.o(.bss) for snake
    target.o(i.FIQ_Exception) refers (Special) to use_no_semi.o(.text) for __use_no_semihosting_swi
    target.o(i.FIQ_Exception) refers (Special) to heapauxi.o(.text) for __use_two_region_memory
    target.o(i.IRQ_Exception) refers (Special) to use_no_semi.o(.text) for __use_no_semihosting_swi
    target.o(i.IRQ_Exception) refers (Special) to heapauxi.o(.text) for __use_two_region_memory
    target.o(i.TargetInit) refers (Special) to use_no_semi.o(.text) for __use_no_semihosting_swi
    target.o(i.TargetInit) refers (Special) to heapauxi.o(.text) for __use_two_region_memory
    target.o(i.TargetResetInit) refers (Special) to use_no_semi.o(.text) for __use_no_semihosting_swi
    target.o(i.TargetResetInit) refers (Special) to heapauxi.o(.text) for __use_two_region_memory
    target.o(i.__rt_div0) refers (Special) to use_no_semi.o(.text) for __use_no_semihosting_swi
    target.o(i.__rt_div0) refers (Special) to heapauxi.o(.text) for __use_two_region_memory
    target.o(i._sys_close) refers (Special) to use_no_semi.o(.text) for __use_no_semihosting_swi
    target.o(i._sys_close) refers (Special) to heapauxi.o(.text) for __use_two_region_memory
    target.o(i._sys_command_string) refers (Special) to use_no_semi.o(.text) for __use_no_semihosting_swi
    target.o(i._sys_command_string) refers (Special) to heapauxi.o(.text) for __use_two_region_memory
    target.o(i._sys_ensure) refers (Special) to use_no_semi.o(.text) for __use_no_semihosting_swi
    target.o(i._sys_ensure) refers (Special) to heapauxi.o(.text) for __use_two_region_memory
    target.o(i._sys_exit) refers (Special) to use_no_semi.o(.text) for __use_no_semihosting_swi
    target.o(i._sys_exit) refers (Special) to heapauxi.o(.text) for __use_two_region_memory
    target.o(i._sys_flen) refers (Special) to use_no_semi.o(.text) for __use_no_semihosting_swi
    target.o(i._sys_flen) refers (Special) to heapauxi.o(.text) for __use_two_region_memory
    target.o(i._sys_istty) refers (Special) to use_no_semi.o(.text) for __use_no_semihosting_swi
    target.o(i._sys_istty) refers (Special) to heapauxi.o(.text) for __use_two_region_memory
    target.o(i._sys_read) refers (Special) to use_no_semi.o(.text) for __use_no_semihosting_swi
    target.o(i._sys_read) refers (Special) to heapauxi.o(.text) for __use_two_region_memory
    target.o(i._sys_seek) refers (Special) to use_no_semi.o(.text) for __use_no_semihosting_swi
    target.o(i._sys_seek) refers (Special) to heapauxi.o(.text) for __use_two_region_memory
    target.o(i._sys_tmpnam) refers (Special) to use_no_semi.o(.text) for __use_no_semihosting_swi
    target.o(i._sys_tmpnam) refers (Special) to heapauxi.o(.text) for __use_two_region_memory
    target.o(i._sys_write) refers (Special) to use_no_semi.o(.text) for __use_no_semihosting_swi
    target.o(i._sys_write) refers (Special) to heapauxi.o(.text) for __use_two_region_memory
    target.o(i._ttywrch) refers (Special) to use_no_semi.o(.text) for __use_no_semihosting_swi
    target.o(i._ttywrch) refers (Special) to heapauxi.o(.text) for __use_two_region_memory
    target.o(i.fgetc) refers (Special) to use_no_semi.o(.text) for __use_no_semihosting_swi
    target.o(i.fgetc) refers (Special) to heapauxi.o(.text) for __use_two_region_memory
    target.o(i.fputc) refers (Special) to use_no_semi.o(.text) for __use_no_semihosting_swi
    target.o(i.fputc) refers (Special) to heapauxi.o(.text) for __use_two_region_memory
    lcddrv.o(i.GUI_FillSCR) refers to lcddrv.o(i.LCM_WrParameter) for LCM_WrParameter
    lcddrv.o(i.GUI_FillSCR) refers to lcddrv.o(i.LCM_WrData) for LCM_WrData
    lcddrv.o(i.GUI_HLine) refers to lcddrv.o(i.GUI_Point) for GUI_Point
    lcddrv.o(i.GUI_Initialize) refers to lcddrv.o(i.LCM_DispIni) for LCM_DispIni
    lcddrv.o(i.GUI_Initialize) refers to lcddrv.o(i.GUI_FillSCR) for GUI_FillSCR
    lcddrv.o(i.GUI_Point) refers to lcddrv.o(i.LCM_WrParameter) for LCM_WrParameter
    lcddrv.o(i.GUI_Point) refers to lcddrv.o(.constdata) for turnf
    lcddrv.o(i.GUI_RLine) refers to lcddrv.o(i.GUI_Point) for GUI_Point
    lcddrv.o(i.GUI_ReadPoint) refers to lcddrv.o(i.LCM_ReadByte) for LCM_ReadByte
    lcddrv.o(i.GUI_ReadPoint) refers to lcddrv.o(.constdata) for turnf
    lcddrv.o(i.LCM_DispIni) refers to lcddrv.o(i.LCM_WrParameter) for LCM_WrParameter
    lcddrv.o(i.LCM_ReadByte) refers to lcddrv.o(i.LCM_WrParameter) for LCM_WrParameter
    lcddrv.o(i.LCM_STA01) refers to lcddrv.o(i.LCM_READSTATE) for LCM_READSTATE
    lcddrv.o(i.LCM_STA3) refers to lcddrv.o(i.LCM_READSTATE) for LCM_READSTATE
    lcddrv.o(i.LCM_WrParameter) refers to lcddrv.o(i.LCM_WrCommand) for LCM_WrCommand
    lcddrv.o(i.LCM_WrParameter) refers to lcddrv.o(i.LCM_WrData) for LCM_WrData
    rand.o(.emb_text) refers (Special) to libinit2.o(.ARM.Collect$$libinit$$0000000D) for __rt_lib_init_rand_2
    rand.o(.emb_text) refers to rand.o(.text) for _rand_init
    rand.o(.emb_text) refers to rand.o(.bss) for _random_number_data
    rand.o(.text) refers (Special) to libinit2.o(.ARM.Collect$$libinit$$0000000D) for __rt_lib_init_rand_2
    rand.o(.text) refers to rand.o(.bss) for .bss
    rand.o(.bss) refers (Special) to libinit2.o(.ARM.Collect$$libinit$$0000000D) for __rt_lib_init_rand_2
    aeabi_sdiv.o(.text_udiv) refers to aeabi_sdiv.o(.text) for __arm_div2
    aeabi_sdiv_div0.o(.text_udiv) refers to aeabi_sdiv_div0.o(.text) for __arm_div2
    __main.o(!!!main) refers to __rtentry.o(.ARM.Collect$$rtentry$$00000000) for __rt_entry
    __rtentry.o(.ARM.Collect$$rtentry$$00000000) refers (Special) to __rtentry2.o(.ARM.Collect$$rtentry$$0000000A) for __rt_entry_li
    __rtentry.o(.ARM.Collect$$rtentry$$00000000) refers (Special) to __rtentry2.o(.ARM.Collect$$rtentry$$0000000D) for __rt_entry_main
    __rtentry.o(.ARM.Collect$$rtentry$$00000000) refers (Special) to __rtentry2.o(.ARM.Collect$$rtentry$$0000000C) for __rt_entry_postli_1
    __rtentry.o(.ARM.Collect$$rtentry$$00000000) refers (Special) to __rtentry2.o(.ARM.Collect$$rtentry$$00000009) for __rt_entry_postsh_1
    __rtentry.o(.ARM.Collect$$rtentry$$00000000) refers (Special) to __rtentry2.o(.ARM.Collect$$rtentry$$00000002) for __rt_entry_presh_1
    __rtentry.o(.ARM.Collect$$rtentry$$00000000) refers (Special) to __rtentry4.o(.ARM.Collect$$rtentry$$00000004) for __rt_entry_sh
    aeabi_idiv0_sigfpe.o(.text) refers to target.o(i.__rt_div0) for __rt_div0
    libinit2.o(.ARM.Collect$$libinit$$00000001) refers to fpinit.o(x$fpl$fpinit) for _fp_init
    libinit2.o(.ARM.Collect$$libinit$$0000000D) refers (Weak) to rand.o(.text) for _rand_init
    libinit2.o(.ARM.Collect$$libinit$$00000010) refers to libinit2.o(.ARM.Collect$$libinit$$0000000F) for .ARM.Collect$$libinit$$0000000F
    libinit2.o(.ARM.Collect$$libinit$$00000012) refers to libinit2.o(.ARM.Collect$$libinit$$0000000F) for .ARM.Collect$$libinit$$0000000F
    libinit2.o(.ARM.Collect$$libinit$$00000014) refers to libinit2.o(.ARM.Collect$$libinit$$0000000F) for .ARM.Collect$$libinit$$0000000F
    libinit2.o(.ARM.Collect$$libinit$$00000016) refers to libinit2.o(.ARM.Collect$$libinit$$0000000F) for .ARM.Collect$$libinit$$0000000F
    libinit2.o(.ARM.Collect$$libinit$$00000018) refers to libinit2.o(.ARM.Collect$$libinit$$0000000F) for .ARM.Collect$$libinit$$0000000F
    libinit2.o(.ARM.Collect$$libinit$$00000026) refers to argv_veneer.o(.emb_text) for __ARM_argv_veneer
    libinit2.o(.ARM.Collect$$libinit$$00000027) refers to argv_veneer.o(.emb_text) for __ARM_argv_veneer
    __rtentry2.o(.ARM.Collect$$rtentry$$00000008) refers to boardinit2.o(.text) for _platform_post_stackheap_init
    __rtentry2.o(.ARM.Collect$$rtentry$$0000000A) refers to libinit.o(.ARM.Collect$$libinit$$00000000) for __rt_lib_init
    __rtentry2.o(.ARM.Collect$$rtentry$$0000000B) refers to boardinit3.o(.text) for _platform_post_lib_init
    __rtentry2.o(.ARM.Collect$$rtentry$$0000000D) refers to exit.o(.text) for exit
    __rtentry2.o(.ARM.Collect$$rtentry$$0000000D) refers to main.o(i.main) for main
    __rtentry2.o(.ARM.exidx) refers to __rtentry2.o(.ARM.Collect$$rtentry$$00000001) for .ARM.Collect$$rtentry$$00000001
    __rtentry2.o(.ARM.exidx) refers to __rtentry2.o(.ARM.Collect$$rtentry$$00000008) for .ARM.Collect$$rtentry$$00000008
    __rtentry2.o(.ARM.exidx) refers to __rtentry2.o(.ARM.Collect$$rtentry$$0000000A) for .ARM.Collect$$rtentry$$0000000A
    __rtentry2.o(.ARM.exidx) refers to __rtentry2.o(.ARM.Collect$$rtentry$$0000000B) for .ARM.Collect$$rtentry$$0000000B
    __rtentry2.o(.ARM.exidx) refers to __rtentry2.o(.ARM.Collect$$rtentry$$0000000D) for .ARM.Collect$$rtentry$$0000000D
    __rtentry4.o(.ARM.Collect$$rtentry$$00000004) refers to sys_stackheap_outer.o(.text) for __user_setup_stackheap
    __rtentry4.o(.ARM.exidx) refers to __rtentry4.o(.ARM.Collect$$rtentry$$00000004) for .ARM.Collect$$rtentry$$00000004
    argv_veneer.o(.emb_text) refers to no_argv.o(.text) for __ARM_get_argv
    sys_stackheap_outer.o(.text) refers to libspace.o(.text) for __user_perproc_libspace
    sys_stackheap_outer.o(.text) refers to startup.o(.text) for __user_initial_stackheap
    exit.o(.text) refers to rtexit.o(.ARM.Collect$$rtexit$$00000000) for __rt_exit
    _get_argv_nomalloc.o(.text) refers (Special) to hrguard.o(.text) for __heap_region$guard
    _get_argv_nomalloc.o(.text) refers to defsig_rtmem_outer.o(.text) for __rt_SIGRTMEM
    _get_argv_nomalloc.o(.text) refers to target.o(i._sys_command_string) for _sys_command_string
    libinit.o(.ARM.Collect$$libinit$$00000000) refers (Special) to libinit2.o(.ARM.Collect$$libinit$$0000002E) for __rt_lib_init_alloca_1
    libinit.o(.ARM.Collect$$libinit$$00000000) refers (Special) to libinit2.o(.ARM.Collect$$libinit$$0000002C) for __rt_lib_init_argv_1
    libinit.o(.ARM.Collect$$libinit$$00000000) refers (Special) to libinit2.o(.ARM.Collect$$libinit$$0000001B) for __rt_lib_init_atexit_1
    libinit.o(.ARM.Collect$$libinit$$00000000) refers (Special) to libinit2.o(.ARM.Collect$$libinit$$00000021) for __rt_lib_init_clock_1
    libinit.o(.ARM.Collect$$libinit$$00000000) refers (Special) to libinit2.o(.ARM.Collect$$libinit$$00000032) for __rt_lib_init_cpp_1
    libinit.o(.ARM.Collect$$libinit$$00000000) refers (Special) to libinit2.o(.ARM.Collect$$libinit$$00000030) for __rt_lib_init_exceptions_1
    libinit.o(.ARM.Collect$$libinit$$00000000) refers (Special) to libinit2.o(.ARM.Collect$$libinit$$00000002) for __rt_lib_init_fp_1
    libinit.o(.ARM.Collect$$libinit$$00000000) refers (Special) to libinit2.o(.ARM.Collect$$libinit$$0000001F) for __rt_lib_init_fp_trap_1
    libinit.o(.ARM.Collect$$libinit$$00000000) refers (Special) to libinit2.o(.ARM.Collect$$libinit$$00000023) for __rt_lib_init_getenv_1
    libinit.o(.ARM.Collect$$libinit$$00000000) refers (Special) to libinit2.o(.ARM.Collect$$libinit$$0000000A) for __rt_lib_init_heap_1
    libinit.o(.ARM.Collect$$libinit$$00000000) refers (Special) to libinit2.o(.ARM.Collect$$libinit$$00000011) for __rt_lib_init_lc_collate_1
    libinit.o(.ARM.Collect$$libinit$$00000000) refers (Special) to libinit2.o(.ARM.Collect$$libinit$$00000013) for __rt_lib_init_lc_ctype_1
    libinit.o(.ARM.Collect$$libinit$$00000000) refers (Special) to libinit2.o(.ARM.Collect$$libinit$$00000015) for __rt_lib_init_lc_monetary_1
    libinit.o(.ARM.Collect$$libinit$$00000000) refers (Special) to libinit2.o(.ARM.Collect$$libinit$$00000017) for __rt_lib_init_lc_numeric_1
    libinit.o(.ARM.Collect$$libinit$$00000000) refers (Special) to libinit2.o(.ARM.Collect$$libinit$$00000019) for __rt_lib_init_lc_time_1
    libinit.o(.ARM.Collect$$libinit$$00000000) refers (Special) to libinit2.o(.ARM.Collect$$libinit$$00000004) for __rt_lib_init_preinit_1
    libinit.o(.ARM.Collect$$libinit$$00000000) refers (Special) to libinit2.o(.ARM.Collect$$libinit$$0000000E) for __rt_lib_init_rand_1
    libinit.o(.ARM.Collect$$libinit$$00000000) refers (Special) to libinit2.o(.ARM.Collect$$libinit$$00000033) for __rt_lib_init_return
    libinit.o(.ARM.Collect$$libinit$$00000000) refers (Special) to libinit2.o(.ARM.Collect$$libinit$$0000001D) for __rt_lib_init_signal_1
    libinit.o(.ARM.Collect$$libinit$$00000000) refers (Special) to libinit2.o(.ARM.Collect$$libinit$$00000025) for __rt_lib_init_stdio_1
    libinit.o(.ARM.Collect$$libinit$$00000000) refers (Special) to libinit2.o(.ARM.Collect$$libinit$$0000000C) for __rt_lib_init_user_alloc_1
    libspace.o(.text) refers to libspace.o(.bss) for __libspace_start
    rtexit.o(.ARM.Collect$$rtexit$$00000000) refers (Special) to rtexit2.o(.ARM.Collect$$rtexit$$00000004) for __rt_exit_exit
    rtexit.o(.ARM.Collect$$rtexit$$00000000) refers (Special) to rtexit2.o(.ARM.Collect$$rtexit$$00000003) for __rt_exit_ls
    rtexit.o(.ARM.Collect$$rtexit$$00000000) refers (Special) to rtexit2.o(.ARM.Collect$$rtexit$$00000002) for __rt_exit_prels_1
    rtexit.o(.ARM.exidx) refers (Special) to rtexit2.o(.ARM.Collect$$rtexit$$00000004) for __rt_exit_exit
    rtexit.o(.ARM.exidx) refers (Special) to rtexit2.o(.ARM.Collect$$rtexit$$00000003) for __rt_exit_ls
    rtexit.o(.ARM.exidx) refers (Special) to rtexit2.o(.ARM.Collect$$rtexit$$00000002) for __rt_exit_prels_1
    rtexit.o(.ARM.exidx) refers to rtexit.o(.ARM.Collect$$rtexit$$00000000) for .ARM.Collect$$rtexit$$00000000
    defsig_rtmem_outer.o(.text) refers to defsig_rtmem_inner.o(.text) for __rt_SIGRTMEM_inner
    defsig_rtmem_outer.o(.text) refers to defsig_exit.o(.text) for __sig_exit
    defsig_rtmem_formal.o(.text) refers to rt_raise.o(.text) for __rt_raise
    rtexit2.o(.ARM.Collect$$rtexit$$00000003) refers to libshutdown.o(.ARM.Collect$$libshutdown$$00000000) for __rt_lib_shutdown
    rtexit2.o(.ARM.Collect$$rtexit$$00000004) refers to target.o(i._sys_exit) for _sys_exit
    rtexit2.o(.ARM.exidx) refers to rtexit2.o(.ARM.Collect$$rtexit$$00000001) for .ARM.Collect$$rtexit$$00000001
    rtexit2.o(.ARM.exidx) refers to rtexit2.o(.ARM.Collect$$rtexit$$00000003) for .ARM.Collect$$rtexit$$00000003
    rtexit2.o(.ARM.exidx) refers to rtexit2.o(.ARM.Collect$$rtexit$$00000004) for .ARM.Collect$$rtexit$$00000004
    rt_raise.o(.text) refers to __raise.o(.text) for __raise
    rt_raise.o(.text) refers to target.o(i._sys_exit) for _sys_exit
    defsig_exit.o(.text) refers to target.o(i._sys_exit) for _sys_exit
    defsig_rtmem_inner.o(.text) refers to defsig_general.o(.text) for __default_signal_display
    __raise.o(.text) refers to __raise.o(i.__ARM_common_call_via_r2) for __ARM_common_call_via_r2
    __raise.o(.text) refers to defsig.o(CL$$defsig) for __default_signal_handler
    defsig_general.o(.text) refers to target.o(i._ttywrch) for _ttywrch
    libshutdown.o(.ARM.Collect$$libshutdown$$00000000) refers (Special) to libshutdown2.o(.ARM.Collect$$libshutdown$$00000002) for __rt_lib_shutdown_cpp_1
    libshutdown.o(.ARM.Collect$$libshutdown$$00000000) refers (Special) to libshutdown2.o(.ARM.Collect$$libshutdown$$00000007) for __rt_lib_shutdown_fp_trap_1
    libshutdown.o(.ARM.Collect$$libshutdown$$00000000) refers (Special) to libshutdown2.o(.ARM.Collect$$libshutdown$$0000000F) for __rt_lib_shutdown_heap_1
    libshutdown.o(.ARM.Collect$$libshutdown$$00000000) refers (Special) to libshutdown2.o(.ARM.Collect$$libshutdown$$00000010) for __rt_lib_shutdown_return
    libshutdown.o(.ARM.Collect$$libshutdown$$00000000) refers (Special) to libshutdown2.o(.ARM.Collect$$libshutdown$$0000000A) for __rt_lib_shutdown_signal_1
    libshutdown.o(.ARM.Collect$$libshutdown$$00000000) refers (Special) to libshutdown2.o(.ARM.Collect$$libshutdown$$00000004) for __rt_lib_shutdown_stdio_1
    libshutdown.o(.ARM.Collect$$libshutdown$$00000000) refers (Special) to libshutdown2.o(.ARM.Collect$$libshutdown$$0000000C) for __rt_lib_shutdown_user_alloc_1
    defsig.o(CL$$defsig) refers to defsig_rtmem_inner.o(.text) for __rt_SIGRTMEM_inner
    defsig_abrt_inner.o(.text) refers to defsig_general.o(.text) for __default_signal_display
    defsig_fpe_inner.o(.text) refers to defsig_general.o(.text) for __default_signal_display
    defsig_rtred_inner.o(.text) refers to defsig_general.o(.text) for __default_signal_display
    defsig_stak_inner.o(.text) refers to defsig_general.o(.text) for __default_signal_display
    defsig_pvfn_inner.o(.text) refers to defsig_general.o(.text) for __default_signal_display
    defsig_cppl_inner.o(.text) refers to defsig_general.o(.text) for __default_signal_display
    defsig_segv_inner.o(.text) refers to defsig_general.o(.text) for __default_signal_display
    defsig_other.o(.text) refers to defsig_general.o(.text) for __default_signal_display


==============================================================================

Removing Unused input sections from the image.

    Removing target.o(i.FIQ_Exception), (8 bytes).
    Removing target.o(i.IRQ_Exception), (8 bytes).
    Removing target.o(i.TargetInit), (4 bytes).
    Removing target.o(i.TargetResetInit), (52 bytes).
    Removing target.o(i.__rt_div0), (16 bytes).
    Removing target.o(i._sys_close), (16 bytes).
    Removing target.o(i._sys_command_string), (20 bytes).
    Removing target.o(i._sys_ensure), (16 bytes).
    Removing target.o(i._sys_flen), (16 bytes).
    Removing target.o(i._sys_istty), (16 bytes).
    Removing target.o(i._sys_read), (28 bytes).
    Removing target.o(i._sys_seek), (16 bytes).
    Removing target.o(i._sys_tmpnam), (24 bytes).
    Removing target.o(i._sys_write), (28 bytes).
    Removing target.o(i._ttywrch), (8 bytes).
    Removing target.o(i.fgetc), (16 bytes).
    Removing target.o(i.fputc), (20 bytes).
    Removing lcddrv.o(i.GUI_HLine), (84 bytes).
    Removing lcddrv.o(i.GUI_RLine), (84 bytes).
    Removing lcddrv.o(i.GUI_ReadPoint), (108 bytes).
    Removing lcddrv.o(i.LCM_READSTATE), (84 bytes).
    Removing lcddrv.o(i.LCM_ReadByte), (164 bytes).
    Removing lcddrv.o(i.LCM_STA01), (64 bytes).
    Removing lcddrv.o(i.LCM_STA3), (64 bytes).

24 unused section(s) (total 964 bytes) removed from the image.

==============================================================================

Adding Veneers to the image

    Adding AT veneer (8 bytes, Inline) for call to '__rt_lib_init' from __rtentry2.o(.ARM.Collect$$rtentry$$0000000A).
    Adding AT veneer (8 bytes, Inline) for call to '__rt_lib_shutdown' from rtexit2.o(.ARM.Collect$$rtexit$$00000003).
    Adding TA veneer (4 bytes, Inline) for call to '__rt_exit' from exit.o(.text).
    Adding AT veneer (8 bytes, Inline) for call to 'rand' from main.o(i.creat_food).

4 Veneer(s) (total 28 bytes) added to the image.

==============================================================================

Image Symbol Table

    Local Symbols

    Symbol Name                              Value     Ov Type        Size  Object(Section)

    RESET                                    0x00000000   Section      272  startup.o(RESET)
    ../clib/angel/boardlib.s                 0x00000000   Number         0  boardshut.o ABSOLUTE
    ../clib/angel/boardlib.s                 0x00000000   Number         0  boardinit3.o ABSOLUTE
    ../clib/angel/boardlib.s                 0x00000000   Number         0  boardinit2.o ABSOLUTE
    ../clib/angel/boardlib.s                 0x00000000   Number         0  boardinit1.o ABSOLUTE
    ../clib/angel/handlers.s                 0x00000000   Number         0  __scatter_copy.o ABSOLUTE
    ../clib/angel/handlers.s                 0x00000000   Number         0  __scatter_zi.o ABSOLUTE
    ../clib/angel/kernel.s                   0x00000000   Number         0  __rtentry4.o ABSOLUTE
    ../clib/angel/kernel.s                   0x00000000   Number         0  __rtentry2.o ABSOLUTE
    ../clib/angel/kernel.s                   0x00000000   Number         0  rtexit2.o ABSOLUTE
    ../clib/angel/kernel.s                   0x00000000   Number         0  rtexit.o ABSOLUTE
    ../clib/angel/kernel.s                   0x00000000   Number         0  __rtentry.o ABSOLUTE
    ../clib/angel/rt.s                       0x00000000   Number         0  rt_raise.o ABSOLUTE
    ../clib/angel/rt.s                       0x00000000   Number         0  aeabi_idiv0.o ABSOLUTE
    ../clib/angel/rt.s                       0x00000000   Number         0  aeabi_idiv0_sigfpe.o ABSOLUTE
    ../clib/angel/scatter.s                  0x00000000   Number         0  __scatter.o ABSOLUTE
    ../clib/angel/startup.s                  0x00000000   Number         0  __main.o ABSOLUTE
    ../clib/angel/sys.s                      0x00000000   Number         0  use_no_semi.o ABSOLUTE
    ../clib/angel/sys.s                      0x00000000   Number         0  sys_stackheap_outer.o ABSOLUTE
    ../clib/angel/sys.s                      0x00000000   Number         0  libspace.o ABSOLUTE
    ../clib/armsys.c                         0x00000000   Number         0  no_argv.o ABSOLUTE
    ../clib/armsys.c                         0x00000000   Number         0  argv_veneer.o ABSOLUTE
    ../clib/armsys.c                         0x00000000   Number         0  _get_argv_nomalloc.o ABSOLUTE
    ../clib/armsys.c                         0x00000000   Number         0  argv_veneer.o ABSOLUTE
    ../clib/division.s                       0x00000000   Number         0  aeabi_sdiv.o ABSOLUTE
    ../clib/division.s                       0x00000000   Number         0  aeabi_sdiv_div0.o ABSOLUTE
    ../clib/divrt.s                          0x00000000   Number         0  divrt_7tdmi.o ABSOLUTE
    ../clib/divrt.s                          0x00000000   Number         0  divrt_7tdmi_div0.o ABSOLUTE
    ../clib/heapalloc.c                      0x00000000   Number         0  hrguard.o ABSOLUTE
    ../clib/heapaux.c                        0x00000000   Number         0  heapauxi.o ABSOLUTE
    ../clib/libinit.s                        0x00000000   Number         0  libshutdown2.o ABSOLUTE
    ../clib/libinit.s                        0x00000000   Number         0  libshutdown.o ABSOLUTE
    ../clib/libinit.s                        0x00000000   Number         0  libinit2.o ABSOLUTE
    ../clib/libinit.s                        0x00000000   Number         0  libinit.o ABSOLUTE
    ../clib/signal.c                         0x00000000   Number         0  __raise.o ABSOLUTE
    ../clib/signal.c                         0x00000000   Number         0  defsig_rtmem_inner.o ABSOLUTE
    ../clib/signal.c                         0x00000000   Number         0  defsig_exit.o ABSOLUTE
    ../clib/signal.c                         0x00000000   Number         0  defsig_rtmem_outer.o ABSOLUTE
    ../clib/signal.c                         0x00000000   Number         0  defsig_other.o ABSOLUTE
    ../clib/signal.c                         0x00000000   Number         0  defsig_segv_inner.o ABSOLUTE
    ../clib/signal.c                         0x00000000   Number         0  defsig_cppl_inner.o ABSOLUTE
    ../clib/signal.c                         0x00000000   Number         0  defsig_pvfn_inner.o ABSOLUTE
    ../clib/signal.c                         0x00000000   Number         0  defsig_stak_inner.o ABSOLUTE
    ../clib/signal.c                         0x00000000   Number         0  defsig_rtred_inner.o ABSOLUTE
    ../clib/signal.c                         0x00000000   Number         0  defsig_fpe_inner.o ABSOLUTE
    ../clib/signal.c                         0x00000000   Number         0  defsig_abrt_inner.o ABSOLUTE
    ../clib/signal.c                         0x00000000   Number         0  defsig_general.o ABSOLUTE
    ../clib/signal.c                         0x00000000   Number         0  defsig_rtmem_formal.o ABSOLUTE
    ../clib/signal.s                         0x00000000   Number         0  defsig.o ABSOLUTE
    ../clib/stdlib.c                         0x00000000   Number         0  exit.o ABSOLUTE
    ../clib/stdlib.c                         0x00000000   Number         0  rand.o ABSOLUTE
    ../clib/stdlib.c                         0x00000000   Number         0  rand.o ABSOLUTE
    ../fplib/fpinit.s                        0x00000000   Number         0  fpinit.o ABSOLUTE
    Startup.s                                0x00000000   Number         0  startup.o ABSOLUTE
    dc.s                                     0x00000000   Number         0  dc.o ABSOLUTE
    lcddrv.c                                 0x00000000   Number         0  lcddrv.o ABSOLUTE
    main.c                                   0x00000000   Number         0  main.o ABSOLUTE
    target.c                                 0x00000000   Number         0  target.o ABSOLUTE
    Undef_Handler                            0x00000040   ARM Code       4  startup.o(RESET)
    SWI_Handler                              0x00000044   ARM Code       4  startup.o(RESET)
    PAbt_Handler                             0x00000048   ARM Code       4  startup.o(RESET)
    DAbt_Handler                             0x0000004c   ARM Code       4  startup.o(RESET)
    IRQ_Handler                              0x00000050   ARM Code       4  startup.o(RESET)
    FIQ_Handler                              0x00000054   ARM Code       4  startup.o(RESET)
    !!!main                                  0x00000110   Section        8  __main.o(!!!main)
    !!!scatter                               0x00000118   Section       60  __scatter.o(!!!scatter)
    !!handler_copy                           0x00000154   Section       40  __scatter_copy.o(!!handler_copy)
    !!handler_zi                             0x0000017c   Section       44  __scatter_zi.o(!!handler_zi)
    .ARM.Collect$$libinit$$00000000          0x000001b0   Section        2  libinit.o(.ARM.Collect$$libinit$$00000000)
    .ARM.Collect$$libinit$$00000002          0x000001b2   Section        0  libinit2.o(.ARM.Collect$$libinit$$00000002)
    .ARM.Collect$$libinit$$00000004          0x000001b2   Section        0  libinit2.o(.ARM.Collect$$libinit$$00000004)
    .ARM.Collect$$libinit$$0000000A          0x000001b2   Section        0  libinit2.o(.ARM.Collect$$libinit$$0000000A)
    .ARM.Collect$$libinit$$0000000C          0x000001b2   Section        0  libinit2.o(.ARM.Collect$$libinit$$0000000C)
    .ARM.Collect$$libinit$$0000000D          0x000001b2   Section        4  libinit2.o(.ARM.Collect$$libinit$$0000000D)
    .ARM.Collect$$libinit$$0000000E          0x000001b6   Section        0  libinit2.o(.ARM.Collect$$libinit$$0000000E)
    .ARM.Collect$$libinit$$00000011          0x000001b6   Section        0  libinit2.o(.ARM.Collect$$libinit$$00000011)
    .ARM.Collect$$libinit$$00000013          0x000001b6   Section        0  libinit2.o(.ARM.Collect$$libinit$$00000013)
    .ARM.Collect$$libinit$$00000015          0x000001b6   Section        0  libinit2.o(.ARM.Collect$$libinit$$00000015)
    .ARM.Collect$$libinit$$00000017          0x000001b6   Section        0  libinit2.o(.ARM.Collect$$libinit$$00000017)
    .ARM.Collect$$libinit$$00000019          0x000001b6   Section        0  libinit2.o(.ARM.Collect$$libinit$$00000019)
    .ARM.Collect$$libinit$$0000001B          0x000001b6   Section        0  libinit2.o(.ARM.Collect$$libinit$$0000001B)
    .ARM.Collect$$libinit$$0000001D          0x000001b6   Section        0  libinit2.o(.ARM.Collect$$libinit$$0000001D)
    .ARM.Collect$$libinit$$0000001F          0x000001b6   Section        0  libinit2.o(.ARM.Collect$$libinit$$0000001F)
    .ARM.Collect$$libinit$$00000021          0x000001b6   Section        0  libinit2.o(.ARM.Collect$$libinit$$00000021)
    .ARM.Collect$$libinit$$00000023          0x000001b6   Section        0  libinit2.o(.ARM.Collect$$libinit$$00000023)
    .ARM.Collect$$libinit$$00000025          0x000001b6   Section        0  libinit2.o(.ARM.Collect$$libinit$$00000025)
    .ARM.Collect$$libinit$$0000002C          0x000001b6   Section        0  libinit2.o(.ARM.Collect$$libinit$$0000002C)
    .ARM.Collect$$libinit$$0000002E          0x000001b6   Section        0  libinit2.o(.ARM.Collect$$libinit$$0000002E)
    .ARM.Collect$$libinit$$00000030          0x000001b6   Section        0  libinit2.o(.ARM.Collect$$libinit$$00000030)
    .ARM.Collect$$libinit$$00000032          0x000001b6   Section        0  libinit2.o(.ARM.Collect$$libinit$$00000032)
    .ARM.Collect$$libinit$$00000033          0x000001b6   Section       12  libinit2.o(.ARM.Collect$$libinit$$00000033)
    .ARM.Collect$$libshutdown$$00000000      0x000001cc   Section        4  libshutdown.o(.ARM.Collect$$libshutdown$$00000000)
    .ARM.Collect$$libshutdown$$00000002      0x000001d0   Section        0  libshutdown2.o(.ARM.Collect$$libshutdown$$00000002)
    .ARM.Collect$$libshutdown$$00000004      0x000001d0   Section        0  libshutdown2.o(.ARM.Collect$$libshutdown$$00000004)
    .ARM.Collect$$libshutdown$$00000007      0x000001d0   Section        0  libshutdown2.o(.ARM.Collect$$libshutdown$$00000007)
    .ARM.Collect$$libshutdown$$0000000A      0x000001d0   Section        0  libshutdown2.o(.ARM.Collect$$libshutdown$$0000000A)
    .ARM.Collect$$libshutdown$$0000000C      0x000001d0   Section        0  libshutdown2.o(.ARM.Collect$$libshutdown$$0000000C)
    .ARM.Collect$$libshutdown$$0000000F      0x000001d0   Section        0  libshutdown2.o(.ARM.Collect$$libshutdown$$0000000F)
    .ARM.Collect$$libshutdown$$00000010      0x000001d0   Section        6  libshutdown2.o(.ARM.Collect$$libshutdown$$00000010)
    .ARM.Collect$$rtentry$$00000000          0x000001d8   Section        0  __rtentry.o(.ARM.Collect$$rtentry$$00000000)
    .ARM.Collect$$rtentry$$00000002          0x000001d8   Section        0  __rtentry2.o(.ARM.Collect$$rtentry$$00000002)
    .ARM.Collect$$rtentry$$00000004          0x000001d8   Section        8  __rtentry4.o(.ARM.Collect$$rtentry$$00000004)
    .ARM.Collect$$rtentry$$00000009          0x000001e0   Section        0  __rtentry2.o(.ARM.Collect$$rtentry$$00000009)
    .ARM.Collect$$rtentry$$0000000A          0x000001e0   Section        4  __rtentry2.o(.ARM.Collect$$rtentry$$0000000A)
    .ARM.Collect$$rtentry$$0000000C          0x000001e4   Section        0  __rtentry2.o(.ARM.Collect$$rtentry$$0000000C)
    .ARM.Collect$$rtentry$$0000000D          0x000001e4   Section       40  __rtentry2.o(.ARM.Collect$$rtentry$$0000000D)
    .ARM.Collect$$rtexit$$00000000           0x00000210   Section        4  rtexit.o(.ARM.Collect$$rtexit$$00000000)
    .ARM.Collect$$rtexit$$00000002           0x00000214   Section        0  rtexit2.o(.ARM.Collect$$rtexit$$00000002)
    .ARM.Collect$$rtexit$$00000003           0x00000214   Section        4  rtexit2.o(.ARM.Collect$$rtexit$$00000003)
    .ARM.Collect$$rtexit$$00000004           0x00000218   Section        8  rtexit2.o(.ARM.Collect$$rtexit$$00000004)
    .emb_text                                0x00000228   Section       56  rand.o(.emb_text)
    .text                                    0x00000260   Section       32  startup.o(.text)
    .text                                    0x00000280   Section        4  use_no_semi.o(.text)
    .text                                    0x00000284   Section        0  rand.o(.text)
    .text                                    0x000002c4   Section      384  aeabi_sdiv.o(.text)
    __arm_div8                               0x000002f0   ARM Code       0  aeabi_sdiv.o(.text)
    __arm_div5                               0x00000314   ARM Code       0  aeabi_sdiv.o(.text)
    __arm_div2                               0x00000338   ARM Code       0  aeabi_sdiv.o(.text)
    __arm_div_large                          0x00000374   ARM Code       0  aeabi_sdiv.o(.text)
    .text                                    0x00000444   Section        0  heapauxi.o(.text)
    .text                                    0x0000044c   Section       96  sys_stackheap_outer.o(.text)
    .text                                    0x000004ac   Section        0  exit.o(.text)
    .text                                    0x000004c0   Section       12  libspace.o(.text)
    i.Big_Point                              0x000004cc   Section        0  main.o(i.Big_Point)
    i.GUI_FillSCR                            0x00000528   Section        0  lcddrv.o(i.GUI_FillSCR)
    i.GUI_Initialize                         0x000005a4   Section        0  lcddrv.o(i.GUI_Initialize)
    i.GUI_Point                              0x000005bc   Section        0  lcddrv.o(i.GUI_Point)
    i.GUI_SetColor                           0x00000630   Section        0  main.o(i.GUI_SetColor)
    i.GetDir                                 0x00000654   Section        0  main.o(i.GetDir)
    i.LCM_DispIni                            0x000007e4   Section        0  lcddrv.o(i.LCM_DispIni)
    i.LCM_WrCommand                          0x0000090c   Section        0  lcddrv.o(i.LCM_WrCommand)
    i.LCM_WrData                             0x00000964   Section        0  lcddrv.o(i.LCM_WrData)
    i.LCM_WrParameter                        0x000009bc   Section        0  lcddrv.o(i.LCM_WrParameter)
    i._sys_exit                              0x00000a40   Section        0  target.o(i._sys_exit)
    i.creat_food                             0x00000a48   Section        0  main.o(i.creat_food)
    i.delayMs                                0x00000b70   Section        0  main.o(i.delayMs)
    i.main                                   0x00000b98   Section        0  main.o(i.main)
    i.snake_init                             0x00000c50   Section        0  main.o(i.snake_init)
    i.snake_move                             0x00000cd4   Section        0  main.o(i.snake_move)
    .constdata                               0x00000f88   Section       24  lcddrv.o(.constdata)
    .data                                    0x40000000   Section      160  main.o(.data)
    .bss                                     0x400000a0   Section     8000  main.o(.bss)
    .bss                                     0x40001fe0   Section      228  rand.o(.bss)
    .bss                                     0x400020c4   Section       96  libspace.o(.bss)
    HEAP                                     0x40002128   Section        0  startup.o(HEAP)
    STACK                                    0x40002128   Section     1160  startup.o(STACK)
    Heap_Mem                                 0x40002128   Data           0  startup.o(HEAP)
    Stack_Mem                                0x40002128   Data        1024  startup.o(STACK)
    Stack_Top                                0x400025b0   Data           0  startup.o(STACK)

    Global Symbols

    Symbol Name                              Value     Ov Type        Size  Object(Section)

    BuildAttributes$$THM_ISAv1$ARM_ISAv4$S$PE$A:L22$X:L11$S22$IEEE1$IW$USESV6$~STKCKD$USESV7$~SHL$OSPACE$ROPI$EBA8$UX$STANDARDLIB$REQ8$PRES8$EABIv2 0x00000000   Number         0  anon$$obj.o ABSOLUTE
    __ARM_use_no_argv                        0x00000000   Number         0  main.o ABSOLUTE
    __ARM_exceptions_init                     - Undefined Weak Reference
    __alloca_initialize                       - Undefined Weak Reference
    __arm_preinit_                            - Undefined Weak Reference
    __cpp_initialize__aeabi_                  - Undefined Weak Reference
    __cxa_finalize                            - Undefined Weak Reference
    __rt_locale                               - Undefined Weak Reference
    __sigvec_lookup                           - Undefined Weak Reference
    _atexit_init                              - Undefined Weak Reference
    _call_atexit_fns                          - Undefined Weak Reference
    _clock_init                               - Undefined Weak Reference
    _fp_trap_init                             - Undefined Weak Reference
    _fp_trap_shutdown                         - Undefined Weak Reference
    _get_lc_collate                           - Undefined Weak Reference
    _get_lc_ctype                             - Undefined Weak Reference
    _get_lc_monetary                          - Undefined Weak Reference
    _get_lc_numeric                           - Undefined Weak Reference
    _get_lc_time                              - Undefined Weak Reference
    _getenv_init                              - Undefined Weak Reference
    _handle_redirection                       - Undefined Weak Reference
    _init_alloc                               - Undefined Weak Reference
    _init_user_alloc                          - Undefined Weak Reference
    _initio                                   - Undefined Weak Reference
    _signal_finish                            - Undefined Weak Reference
    _signal_init                              - Undefined Weak Reference
    _terminate_alloc                          - Undefined Weak Reference
    _terminate_user_alloc                     - Undefined Weak Reference
    _terminateio                              - Undefined Weak Reference
    Reset_Handler                            0x00000058   ARM Code       0  startup.o(RESET)
    __main                                   0x00000110   ARM Code       8  __main.o(!!!main)
    __scatterload                            0x00000118   ARM Code       0  __scatter.o(!!!scatter)
    __scatterload_rt2                        0x00000118   ARM Code      52  __scatter.o(!!!scatter)
    __scatterload_null                       0x0000012c   ARM Code       0  __scatter.o(!!!scatter)
    __scatterload_copy                       0x00000154   ARM Code      40  __scatter_copy.o(!!handler_copy)
    __scatterload_zeroinit                   0x0000017c   ARM Code      44  __scatter_zi.o(!!handler_zi)
    Inline ARM to Thumb Veneer to __rt_lib_init 0x000001a8   ARM Code       8  libinit.o(.ARM.Collect$$libinit$$00000000)
    __rt_lib_init                            0x000001b1   Thumb Code     0  libinit.o(.ARM.Collect$$libinit$$00000000)
    __rt_lib_init_fp_1                       0x000001b3   Thumb Code     0  libinit2.o(.ARM.Collect$$libinit$$00000002)
    __rt_lib_init_heap_1                     0x000001b3   Thumb Code     0  libinit2.o(.ARM.Collect$$libinit$$0000000A)
    __rt_lib_init_preinit_1                  0x000001b3   Thumb Code     0  libinit2.o(.ARM.Collect$$libinit$$00000004)
    __rt_lib_init_rand_2                     0x000001b3   Thumb Code     0  libinit2.o(.ARM.Collect$$libinit$$0000000D)
    __rt_lib_init_user_alloc_1               0x000001b3   Thumb Code     0  libinit2.o(.ARM.Collect$$libinit$$0000000C)
    __rt_lib_init_alloca_1                   0x000001b7   Thumb Code     0  libinit2.o(.ARM.Collect$$libinit$$0000002E)
    __rt_lib_init_argv_1                     0x000001b7   Thumb Code     0  libinit2.o(.ARM.Collect$$libinit$$0000002C)
    __rt_lib_init_atexit_1                   0x000001b7   Thumb Code     0  libinit2.o(.ARM.Collect$$libinit$$0000001B)
    __rt_lib_init_clock_1                    0x000001b7   Thumb Code     0  libinit2.o(.ARM.Collect$$libinit$$00000021)
    __rt_lib_init_cpp_1                      0x000001b7   Thumb Code     0  libinit2.o(.ARM.Collect$$libinit$$00000032)
    __rt_lib_init_exceptions_1               0x000001b7   Thumb Code     0  libinit2.o(.ARM.Collect$$libinit$$00000030)
    __rt_lib_init_fp_trap_1                  0x000001b7   Thumb Code     0  libinit2.o(.ARM.Collect$$libinit$$0000001F)
    __rt_lib_init_getenv_1                   0x000001b7   Thumb Code     0  libinit2.o(.ARM.Collect$$libinit$$00000023)
    __rt_lib_init_lc_collate_1               0x000001b7   Thumb Code     0  libinit2.o(.ARM.Collect$$libinit$$00000011)
    __rt_lib_init_lc_ctype_1                 0x000001b7   Thumb Code     0  libinit2.o(.ARM.Collect$$libinit$$00000013)
    __rt_lib_init_lc_monetary_1              0x000001b7   Thumb Code     0  libinit2.o(.ARM.Collect$$libinit$$00000015)
    __rt_lib_init_lc_numeric_1               0x000001b7   Thumb Code     0  libinit2.o(.ARM.Collect$$libinit$$00000017)
    __rt_lib_init_lc_time_1                  0x000001b7   Thumb Code     0  libinit2.o(.ARM.Collect$$libinit$$00000019)
    __rt_lib_init_rand_1                     0x000001b7   Thumb Code     0  libinit2.o(.ARM.Collect$$libinit$$0000000E)
    __rt_lib_init_return                     0x000001b7   Thumb Code     0  libinit2.o(.ARM.Collect$$libinit$$00000033)
    __rt_lib_init_signal_1                   0x000001b7   Thumb Code     0  libinit2.o(.ARM.Collect$$libinit$$0000001D)
    __rt_lib_init_stdio_1                    0x000001b7   Thumb Code     0  libinit2.o(.ARM.Collect$$libinit$$00000025)
    Inline ARM to Thumb Veneer to __rt_lib_shutdown 0x000001c4   ARM Code       8  libshutdown.o(.ARM.Collect$$libshutdown$$00000000)
    __rt_lib_shutdown                        0x000001cd   Thumb Code     0  libshutdown.o(.ARM.Collect$$libshutdown$$00000000)
    __rt_lib_shutdown_cpp_1                  0x000001d1   Thumb Code     0  libshutdown2.o(.ARM.Collect$$libshutdown$$00000002)
    __rt_lib_shutdown_fp_trap_1              0x000001d1   Thumb Code     0  libshutdown2.o(.ARM.Collect$$libshutdown$$00000007)
    __rt_lib_shutdown_heap_1                 0x000001d1   Thumb Code     0  libshutdown2.o(.ARM.Collect$$libshutdown$$0000000F)
    __rt_lib_shutdown_return                 0x000001d1   Thumb Code     0  libshutdown2.o(.ARM.Collect$$libshutdown$$00000010)
    __rt_lib_shutdown_signal_1               0x000001d1   Thumb Code     0  libshutdown2.o(.ARM.Collect$$libshutdown$$0000000A)
    __rt_lib_shutdown_stdio_1                0x000001d1   Thumb Code     0  libshutdown2.o(.ARM.Collect$$libshutdown$$00000004)
    __rt_lib_shutdown_user_alloc_1           0x000001d1   Thumb Code     0  libshutdown2.o(.ARM.Collect$$libshutdown$$0000000C)
    __rt_entry                               0x000001d8   ARM Code       0  __rtentry.o(.ARM.Collect$$rtentry$$00000000)
    __rt_entry_presh_1                       0x000001d8   ARM Code       0  __rtentry2.o(.ARM.Collect$$rtentry$$00000002)
    __rt_entry_sh                            0x000001d8   ARM Code       0  __rtentry4.o(.ARM.Collect$$rtentry$$00000004)
    __rt_entry_li                            0x000001e0   ARM Code       0  __rtentry2.o(.ARM.Collect$$rtentry$$0000000A)
    __rt_entry_postsh_1                      0x000001e0   ARM Code       0  __rtentry2.o(.ARM.Collect$$rtentry$$00000009)
    __rt_entry_main                          0x000001e4   ARM Code       0  __rtentry2.o(.ARM.Collect$$rtentry$$0000000D)
    __rt_entry_postli_1                      0x000001e4   ARM Code       0  __rtentry2.o(.ARM.Collect$$rtentry$$0000000C)
    Inline Thumb to ARM Veneer to __rt_exit  0x0000020d   Thumb Code     4  rtexit.o(.ARM.Collect$$rtexit$$00000000)
    __rt_exit                                0x00000210   ARM Code       0  rtexit.o(.ARM.Collect$$rtexit$$00000000)
    __rt_exit_ls                             0x00000214   ARM Code       0  rtexit2.o(.ARM.Collect$$rtexit$$00000003)
    __rt_exit_prels_1                        0x00000214   ARM Code       0  rtexit2.o(.ARM.Collect$$rtexit$$00000002)
    __rt_exit_exit                           0x00000218   ARM Code       0  rtexit2.o(.ARM.Collect$$rtexit$$00000004)
    Inline ARM to Thumb Veneer to rand       0x00000220   ARM Code       8  rand.o(.emb_text)
    rand                                     0x00000229   Thumb Code    52  rand.o(.emb_text)
    __user_initial_stackheap                 0x00000260   ARM Code       0  startup.o(.text)
    __semihosting$guard                      0x00000280   ARM Code       0  use_no_semi.o(.text)
    __use_no_semihosting_swi                 0x00000280   ARM Code       4  use_no_semi.o(.text)
    srand                                    0x00000285   Thumb Code    46  rand.o(.text)
    _rand_init                               0x000002b3   Thumb Code     4  rand.o(.text)
    __aeabi_idiv                             0x000002c4   ARM Code       0  aeabi_sdiv.o(.text)
    __aeabi_idivmod                          0x000002c4   ARM Code     384  aeabi_sdiv.o(.text)
    __use_two_region_memory                  0x00000445   Thumb Code     2  heapauxi.o(.text)
    __rt_heap_escrow$2region                 0x00000447   Thumb Code     2  heapauxi.o(.text)
    __rt_heap_expand$2region                 0x00000449   Thumb Code     2  heapauxi.o(.text)
    __user_setup_stackheap                   0x0000044c   ARM Code      96  sys_stackheap_outer.o(.text)
    exit                                     0x000004ad   Thumb Code    20  exit.o(.text)
    __user_libspace                          0x000004c0   ARM Code      12  libspace.o(.text)
    __user_perproc_libspace                  0x000004c0   ARM Code       0  libspace.o(.text)
    __user_perthread_libspace                0x000004c0   ARM Code       0  libspace.o(.text)
    Big_Point                                0x000004cc   ARM Code      88  main.o(i.Big_Point)
    GUI_FillSCR                              0x00000528   ARM Code     124  lcddrv.o(i.GUI_FillSCR)
    GUI_Initialize                           0x000005a4   ARM Code      24  lcddrv.o(i.GUI_Initialize)
    GUI_Point                                0x000005bc   ARM Code     112  lcddrv.o(i.GUI_Point)
    GUI_SetColor                             0x00000630   ARM Code      28  main.o(i.GUI_SetColor)
    GetDir                                   0x00000654   ARM Code     396  main.o(i.GetDir)
    LCM_DispIni                              0x000007e4   ARM Code     288  lcddrv.o(i.LCM_DispIni)
    LCM_WrCommand                            0x0000090c   ARM Code      84  lcddrv.o(i.LCM_WrCommand)
    LCM_WrData                               0x00000964   ARM Code      84  lcddrv.o(i.LCM_WrData)
    LCM_WrParameter                          0x000009bc   ARM Code     132  lcddrv.o(i.LCM_WrParameter)
    _sys_exit                                0x00000a40   ARM Code       8  target.o(i._sys_exit)
    creat_food                               0x00000a48   ARM Code     280  main.o(i.creat_food)
    delayMs                                  0x00000b70   ARM Code      40  main.o(i.delayMs)
    main                                     0x00000b98   ARM Code     168  main.o(i.main)
    snake_init                               0x00000c50   ARM Code     124  main.o(i.snake_init)
    snake_move                               0x00000cd4   ARM Code     668  main.o(i.snake_move)
    turnf                                    0x00000f88   Data           8  lcddrv.o(.constdata)
    DEC_HEX_TAB1                             0x00000f90   Data           8  lcddrv.o(.constdata)
    DEC_HEX_TAB                              0x00000f98   Data           8  lcddrv.o(.constdata)
    Region$$Table$$Base                      0x00000fa0   Number         0  anon$$obj.o(Region$$Table)
    Region$$Table$$Limit                     0x00000fc0   Number         0  anon$$obj.o(Region$$Table)
    disp_color                               0x40000000   Data           1  main.o(.data)
    back_color                               0x40000001   Data           1  main.o(.data)
    dir                                      0x40000004   Data          72  main.o(.data)
    snake_length                             0x4000004c   Data           4  main.o(.data)
    snake_dir                                0x40000050   Data           4  main.o(.data)
    food_x                                   0x40000054   Data           4  main.o(.data)
    food_y                                   0x40000058   Data           4  main.o(.data)
    gameover                                 0x4000005c   Data           4  main.o(.data)
    keyvalue                                 0x40000060   Data          64  main.o(.data)
    snake                                    0x400000a0   Data        8000  main.o(.bss)
    _random_number_data                      0x40001fe0   Data         228  rand.o(.bss)
    __libspace_start                         0x400020c4   Data          96  libspace.o(.bss)
    __temporary_stack_top$libspace           0x40002124   Data           0  libspace.o(.bss)



==============================================================================

Memory Map of the image

  Image Entry point : 0x00000110

  Load Region LR_IROM1 (Base: 0x00000000, Size: 0x00001060, Max: 0x00040000, ABSOLUTE)

    Execution Region ER_IROM1 (Exec base: 0x00000000, Load base: 0x00000000, Size: 0x00000fc0, Max: 0x00040000, ABSOLUTE)

    Exec Addr    Load Addr    Size         Type   Attr      Idx    E Section Name        Object

    0x00000000   0x00000000   0x00000110   Code   RO            3    RESET               startup.o
    0x00000110   0x00000110   0x00000008   Code   RO          361  * !!!main             c_t.l(__main.o)
    0x00000118   0x00000118   0x0000003c   Code   RO          515    !!!scatter          c_t.l(__scatter.o)
    0x00000154   0x00000154   0x00000028   Code   RO          517    !!handler_copy      c_t.l(__scatter_copy.o)
    0x0000017c   0x0000017c   0x0000002c   Code   RO          519    !!handler_zi        c_t.l(__scatter_zi.o)
    0x000001a8   0x000001a8   0x00000008   Ven    RO          445    .ARM.Collect$$libinit$$00000000  c_t.l(libinit.o)
    0x000001b0   0x000001b0   0x00000002   Code   RO          445    .ARM.Collect$$libinit$$00000000  c_t.l(libinit.o)
    0x000001b2   0x000001b2   0x00000000   Code   RO          369    .ARM.Collect$$libinit$$00000002  c_t.l(libinit2.o)
    0x000001b2   0x000001b2   0x00000000   Code   RO          371    .ARM.Collect$$libinit$$00000004  c_t.l(libinit2.o)
    0x000001b2   0x000001b2   0x00000000   Code   RO          374    .ARM.Collect$$libinit$$0000000A  c_t.l(libinit2.o)
    0x000001b2   0x000001b2   0x00000000   Code   RO          376    .ARM.Collect$$libinit$$0000000C  c_t.l(libinit2.o)
    0x000001b2   0x000001b2   0x00000004   Code   RO          377    .ARM.Collect$$libinit$$0000000D  c_t.l(libinit2.o)
    0x000001b6   0x000001b6   0x00000000   Code   RO          378    .ARM.Collect$$libinit$$0000000E  c_t.l(libinit2.o)
    0x000001b6   0x000001b6   0x00000000   Code   RO          381    .ARM.Collect$$libinit$$00000011  c_t.l(libinit2.o)
    0x000001b6   0x000001b6   0x00000000   Code   RO          383    .ARM.Collect$$libinit$$00000013  c_t.l(libinit2.o)
    0x000001b6   0x000001b6   0x00000000   Code   RO          385    .ARM.Collect$$libinit$$00000015  c_t.l(libinit2.o)
    0x000001b6   0x000001b6   0x00000000   Code   RO          387    .ARM.Collect$$libinit$$00000017  c_t.l(libinit2.o)
    0x000001b6   0x000001b6   0x00000000   Code   RO          389    .ARM.Collect$$libinit$$00000019  c_t.l(libinit2.o)
    0x000001b6   0x000001b6   0x00000000   Code   RO          391    .ARM.Collect$$libinit$$0000001B  c_t.l(libinit2.o)
    0x000001b6   0x000001b6   0x00000000   Code   RO          393    .ARM.Collect$$libinit$$0000001D  c_t.l(libinit2.o)
    0x000001b6   0x000001b6   0x00000000   Code   RO          395    .ARM.Collect$$libinit$$0000001F  c_t.l(libinit2.o)
    0x000001b6   0x000001b6   0x00000000   Code   RO          397    .ARM.Collect$$libinit$$00000021  c_t.l(libinit2.o)
    0x000001b6   0x000001b6   0x00000000   Code   RO          399    .ARM.Collect$$libinit$$00000023  c_t.l(libinit2.o)
    0x000001b6   0x000001b6   0x00000000   Code   RO          401    .ARM.Collect$$libinit$$00000025  c_t.l(libinit2.o)
    0x000001b6   0x000001b6   0x00000000   Code   RO          405    .ARM.Collect$$libinit$$0000002C  c_t.l(libinit2.o)
    0x000001b6   0x000001b6   0x00000000   Code   RO          407    .ARM.Collect$$libinit$$0000002E  c_t.l(libinit2.o)
    0x000001b6   0x000001b6   0x00000000   Code   RO          409    .ARM.Collect$$libinit$$00000030  c_t.l(libinit2.o)
    0x000001b6   0x000001b6   0x00000000   Code   RO          411    .ARM.Collect$$libinit$$00000032  c_t.l(libinit2.o)
    0x000001b6   0x000001b6   0x0000000c   Code   RO          412    .ARM.Collect$$libinit$$00000033  c_t.l(libinit2.o)
    0x000001c2   0x000001c2   0x00000002   PAD
    0x000001c4   0x000001c4   0x00000008   Ven    RO          478    .ARM.Collect$$libshutdown$$00000000  c_t.l(libshutdown.o)
    0x000001cc   0x000001cc   0x00000004   Code   RO          478    .ARM.Collect$$libshutdown$$00000000  c_t.l(libshutdown.o)
    0x000001d0   0x000001d0   0x00000000   Code   RO          482    .ARM.Collect$$libshutdown$$00000002  c_t.l(libshutdown2.o)
    0x000001d0   0x000001d0   0x00000000   Code   RO          484    .ARM.Collect$$libshutdown$$00000004  c_t.l(libshutdown2.o)
    0x000001d0   0x000001d0   0x00000000   Code   RO          487    .ARM.Collect$$libshutdown$$00000007  c_t.l(libshutdown2.o)
    0x000001d0   0x000001d0   0x00000000   Code   RO          490    .ARM.Collect$$libshutdown$$0000000A  c_t.l(libshutdown2.o)
    0x000001d0   0x000001d0   0x00000000   Code   RO          492    .ARM.Collect$$libshutdown$$0000000C  c_t.l(libshutdown2.o)
    0x000001d0   0x000001d0   0x00000000   Code   RO          495    .ARM.Collect$$libshutdown$$0000000F  c_t.l(libshutdown2.o)
    0x000001d0   0x000001d0   0x00000006   Code   RO          496    .ARM.Collect$$libshutdown$$00000010  c_t.l(libshutdown2.o)
    0x000001d6   0x000001d6   0x00000002   PAD
    0x000001d8   0x000001d8   0x00000000   Code   RO          363    .ARM.Collect$$rtentry$$00000000  c_t.l(__rtentry.o)
    0x000001d8   0x000001d8   0x00000000   Code   RO          414    .ARM.Collect$$rtentry$$00000002  c_t.l(__rtentry2.o)
    0x000001d8   0x000001d8   0x00000008   Code   RO          426    .ARM.Collect$$rtentry$$00000004  c_t.l(__rtentry4.o)
    0x000001e0   0x000001e0   0x00000000   Code   RO          416    .ARM.Collect$$rtentry$$00000009  c_t.l(__rtentry2.o)
    0x000001e0   0x000001e0   0x00000004   Code   RO          417    .ARM.Collect$$rtentry$$0000000A  c_t.l(__rtentry2.o)
    0x000001e4   0x000001e4   0x00000000   Code   RO          419    .ARM.Collect$$rtentry$$0000000C  c_t.l(__rtentry2.o)
    0x000001e4   0x000001e4   0x00000028   Code   RO          420    .ARM.Collect$$rtentry$$0000000D  c_t.l(__rtentry2.o)
    0x0000020c   0x0000020c   0x00000004   Ven    RO          449    .ARM.Collect$$rtexit$$00000000  c_t.l(rtexit.o)
    0x00000210   0x00000210   0x00000004   Code   RO          449    .ARM.Collect$$rtexit$$00000000  c_t.l(rtexit.o)
    0x00000214   0x00000214   0x00000000   Code   RO          458    .ARM.Collect$$rtexit$$00000002  c_t.l(rtexit2.o)
    0x00000214   0x00000214   0x00000004   Code   RO          459    .ARM.Collect$$rtexit$$00000003  c_t.l(rtexit2.o)
    0x00000218   0x00000218   0x00000008   Code   RO          460    .ARM.Collect$$rtexit$$00000004  c_t.l(rtexit2.o)
    0x00000220   0x00000220   0x00000008   Ven    RO          338    .emb_text           c_t.l(rand.o)
    0x00000228   0x00000228   0x00000038   Code   RO          338    .emb_text           c_t.l(rand.o)
    0x00000260   0x00000260   0x00000020   Code   RO            4    .text               startup.o
    0x00000280   0x00000280   0x00000004   Code   RO          336    .text               c_t.l(use_no_semi.o)
    0x00000284   0x00000284   0x00000040   Code   RO          339    .text               c_t.l(rand.o)
    0x000002c4   0x000002c4   0x00000180   Code   RO          343    .text               c_t.l(aeabi_sdiv.o)
    0x00000444   0x00000444   0x00000006   Code   RO          359    .text               c_t.l(heapauxi.o)
    0x0000044a   0x0000044a   0x00000002   PAD
    0x0000044c   0x0000044c   0x00000060   Code   RO          432    .text               c_t.l(sys_stackheap_outer.o)
    0x000004ac   0x000004ac   0x00000014   Code   RO          434    .text               c_t.l(exit.o)
    0x000004c0   0x000004c0   0x0000000c   Code   RO          446    .text               c_t.l(libspace.o)
    0x000004cc   0x000004cc   0x0000005c   Code   RO           11    i.Big_Point         main.o
    0x00000528   0x00000528   0x0000007c   Code   RO          234    i.GUI_FillSCR       lcddrv.o
    0x000005a4   0x000005a4   0x00000018   Code   RO          236    i.GUI_Initialize    lcddrv.o
    0x000005bc   0x000005bc   0x00000074   Code   RO          237    i.GUI_Point         lcddrv.o
    0x00000630   0x00000630   0x00000024   Code   RO           12    i.GUI_SetColor      main.o
    0x00000654   0x00000654   0x00000190   Code   RO           13    i.GetDir            main.o
    0x000007e4   0x000007e4   0x00000128   Code   RO          240    i.LCM_DispIni       lcddrv.o
    0x0000090c   0x0000090c   0x00000058   Code   RO          245    i.LCM_WrCommand     lcddrv.o
    0x00000964   0x00000964   0x00000058   Code   RO          246    i.LCM_WrData        lcddrv.o
    0x000009bc   0x000009bc   0x00000084   Code   RO          247    i.LCM_WrParameter   lcddrv.o
    0x00000a40   0x00000a40   0x00000008   Code   RO          117    i._sys_exit         target.o
    0x00000a48   0x00000a48   0x00000128   Code   RO           14    i.creat_food        main.o
    0x00000b70   0x00000b70   0x00000028   Code   RO           15    i.delayMs           main.o
    0x00000b98   0x00000b98   0x000000b8   Code   RO           16    i.main              main.o
    0x00000c50   0x00000c50   0x00000084   Code   RO           17    i.snake_init        main.o
    0x00000cd4   0x00000cd4   0x000002b4   Code   RO           18    i.snake_move        main.o
    0x00000f88   0x00000f88   0x00000018   Data   RO          248    .constdata          lcddrv.o
    0x00000fa0   0x00000fa0   0x00000020   Data   RO          513    Region$$Table       anon$$obj.o


    Execution Region RW_IRAM1 (Exec base: 0x40000000, Load base: 0x00000fc0, Size: 0x000025b0, Max: 0x00004000, ABSOLUTE)

    Exec Addr    Load Addr    Size         Type   Attr      Idx    E Section Name        Object

    0x40000000   0x00000fc0   0x000000a0   Data   RW           20    .data               main.o
    0x400000a0        -       0x00001f40   Zero   RW           19    .bss                main.o
    0x40001fe0        -       0x000000e4   Zero   RW          340    .bss                c_t.l(rand.o)
    0x400020c4        -       0x00000060   Zero   RW          447    .bss                c_t.l(libspace.o)
    0x40002124   0x00001060   0x00000004   PAD
    0x40002128        -       0x00000000   Zero   RW            2    HEAP                startup.o
    0x40002128        -       0x00000488   Zero   RW            1    STACK               startup.o


==============================================================================

Image component sizes


      Code (inc. data)   RO Data    RW Data    ZI Data      Debug   Object Name

       868         20         24          0          0       5425   lcddrv.o
      1872         80          0        160       8000       7713   main.o
       304         60          0          0       1160        572   startup.o
         8          0          0          0          0        428   target.o

    ----------------------------------------------------------------------
      3052        160         56        160       9160      14138   Object Totals
         0          0         32          0          0          0   (incl. Generated)
         0          0          0          0          0          0   (incl. Padding)

    ----------------------------------------------------------------------

      Code (inc. data)   RO Data    RW Data    ZI Data      Debug   Library Member Name

         8          0          0          0          0         68   __main.o
         0          0          0          0          0          0   __rtentry.o
        44          4          0          0          0          0   __rtentry2.o
         8          0          0          0          0          0   __rtentry4.o
        60          8          0          0          0          0   __scatter.o
        40          0          0          0          0          0   __scatter_copy.o
        44          0          0          0          0          0   __scatter_zi.o
       384          0          0          0          0         80   aeabi_sdiv.o
        20          0          0          0          0         80   exit.o
         6          0          0          0          0        136   heapauxi.o
        10          0          0          0          0          0   libinit.o
        16          0          0          0          0          0   libinit2.o
        12          0          0          0          0          0   libshutdown.o
         6          0          0          0          0          0   libshutdown2.o
        12          4          0          0         96         68   libspace.o
       128         18          0          0        228        156   rand.o
         8          0          0          0          0          0   rtexit.o
        12          0          0          0          0          0   rtexit2.o
        96          0          0          0          0         80   sys_stackheap_outer.o
         4          0          0          0          0         68   use_no_semi.o

    ----------------------------------------------------------------------
       924         34          0          0        328        736   Library Totals
         6          0          0          0          4          0   (incl. Padding)

    ----------------------------------------------------------------------

      Code (inc. data)   RO Data    RW Data    ZI Data      Debug   Library Name

       918         34          0          0        324        736   c_t.l

    ----------------------------------------------------------------------
       924         34          0          0        328        736   Library Totals

    ----------------------------------------------------------------------

==============================================================================


      Code (inc. data)   RO Data    RW Data    ZI Data      Debug   

      3976        194         56        160       9488      14054   Grand Totals
      3976        194         56        160       9488      14054   ELF Image Totals
      3976        194         56        160          0          0   ROM Totals

==============================================================================

    Total RO  Size (Code + RO Data)                 4032 (   3.94kB)
    Total RW  Size (RW Data + ZI Data)              9648 (   9.42kB)
    Total ROM Size (Code + RO Data + RW Data)       4192 (   4.09kB)

==============================================================================

